Símbolo         Valor Decimal   Valor Hexadecimal
-------         -------------   -----------------
_KERNEL                     0                   0
_VETTAB                   256                 100
_RESET                    512                 200
_APP                    32768                8000
_IOAREA16               65408                FF80
_IOAREA08               65472                FFC0
IVET                    65470                FFBE
TIMDT                   65495                FFD7
INTS                    65496                FFD8
INTE                    65497                FFD9
TECST                   65498                FFDA
TECDT                   65499                FFDB
VISOR                   65500                FFDC
GETCHAR                   586                 24A
LOOP_GETCHAR              586                 24A
PUTCHAR                   607                 25F
END_PUTCHAR               627                 273
PUTMSG                    628                 274
LOOP_PUT_MSG              632                 278
FIM_LOOP_PUT_MSG          660                 294
CLR_VISOR                 661                 295
LOOP_CLR_VISOR            665                 299
KBHIT                     682                 2AA
TEM_TECLA                 688                 2B0
NAO_TEM_TECLA             696                 2B8
END_KBHIT                 700                 2BC
GET_TIMER                 701                 2BD
CLR_TIMER                 706                 2C2
GET_TIMER_ON              711                 2C7
SET_TIMER_ON              716                 2CC
TIMER_LIGADO              720                 2D0
TIMER_DESLIGADO           736                 2E0
END_SET_TIMER_ON          748                 2EC
GET_SPEED                 749                 2ED
ISR                       754                 2F2
VERIFICA_ISR_TIMER        766                 2FE
VERIFICA_ISR_TECLADO      786                 312
ISR3                      806                 326
ISR_TEC                   819                 333
PUT_TECBUFF               845                 34D
END_ISR_TEC               851                 353
INC_SPEED                 856                 358
END_INC_SPEED             868                 364
DEC_SPEED                 872                 368
END_DEC_SPEED             882                 372
ISR_TIMER                 886                 376
ISR_TIMER_END             890                 37A
TECBUFF                   891                 37B
SPEED                     893                 37D
TIMER                     895                 37F
TIMERSTATUS               897                 381
