Símbolo         Valor Decimal   Valor Hexadecimal
-------         -------------   -----------------
_KERNEL                     0                   0
_VETTAB                   256                 100
_RESET                    512                 200
_APP                    32768                8000
_IOAREA16               65408                FF80
_IOAREA08               65472                FFC0
IVET                    65470                FFBE
TIMDT                   65495                FFD7
INTS                    65496                FFD8
INTE                    65497                FFD9
TECST                   65498                FFDA
TECDT                   65499                FFDB
VISOR                   65500                FFDC
GETCHAR                   586                 24A
LOOP_GETCHAR              586                 24A
PUTCHAR                   601                 259
END_PUTCHAR               621                 26D
PUTMSG                    622                 26E
LOOP_PUT_MSG              626                 272
FIM_LOOP_PUT_MSG          654                 28E
CLR_VISOR                 655                 28F
LOOP_CLR_VISOR            659                 293
KBHIT                     676                 2A4
TEM_TECLA                 682                 2AA
NAO_TEM_TECLA             690                 2B2
END_KBHIT                 694                 2B6
GET_TIMER                 695                 2B7
CLR_TIMER                 700                 2BC
GET_TIMER_ON              705                 2C1
SET_TIMER_ON              714                 2CA
TIMER_LIGADO              718                 2CE
TIMER_DESLIGADO           728                 2D8
END_SET_TIMER_ON          734                 2DE
GET_SPEED                 735                 2DF
ISR                       740                 2E4
VERIFICA_ISR_TIMER        752                 2F0
VERIFICA_ISR_TECLADO      772                 304
ISR3                      792                 318
ISR_TEC                   805                 325
END_ISR_TEC               833                 341
INC_SPEED                 838                 346
END_INC_SPEED             850                 352
DEC_SPEED                 854                 356
END_DEC_SPEED             864                 360
ISR_TIMER                 868                 364
TECBUFF                   873                 369
SPEED                     875                 36B
TIMER                     877                 36D
